All is Cubes [DESKTOPVERSION]
Kevin Reid <kpreid@switchb.org>
Recursive voxel game.

Usage:
    all-is-cubes[EXE] [OPTIONS] [FILE]

Arguments:
  [FILE]  Existing save/document file to load. If not specified, a template will be used instead

Options:
      --display-size <WÃ—H>     Window size or image size, if applicable to the selected --graphics
                               mode [default: auto]
      --duration <SECONDS>     Length of time to simulate.
      --fullscreen             Make the window fullscreen
  -g, --graphics <mode>        Graphics/UI mode [default: window]
  -h, --help                   Print help (see more with '--help')
      --no-config-files        Ignore all configuration files, using only defaults and command-line
                               options
  -o, --output <FILE>          Output file name for 'record' mode.
      --precompute-light       Fully calculate light before starting the game
  -S, --set <NAME=JSON>        Override the value of a setting for this session, instead of taking
                               it from files or defaults
      --save-all               Whether to record/export everything, rather than just the displayed
                               scene
      --seed <SEED>            Seed value for randomized components of the world template
  -t, --template <TEMPLATE>    Which world template to use [default: demo-city] [possible values:
...
      --template-size <X,Y,Z>  Dimensions for the space the template generates [default: default]
  -v, --verbose                Additional logging to stderr
  -V, --version                Print version
