...
Error: failed to configure session for recording

Caused by:
    [..]
