...

Wrote test-record-lighting-bench.png
Flaws in recording: NO_BLOOM
