...

Wrote test-record-empty.png
Flaws in recording: NO_BLOOM
